<?xml version="1.0" encoding="UTF-8"?>
<TestRun id="e1d73699-96b9-4662-afa3-50668aff89e2" name="stanislav@STANISLAV-PC 2014-02-11 00:22:49" runUser="stanislav-PC\stanislav" xmlns="http://microsoft.com/schemas/VisualStudio/TeamTest/2010">
  <TestSettings name="Local" id="788aed3f-e710-4dd8-a548-4fb74a9d647e">
    <Description>These are default test settings for a local test run.</Description>
    <Deployment enabled="false" runDeploymentRoot="stanislav_STANISLAV-PC 2014-02-11 00_22_49">
      <DeploymentItem filename="C:\Users\stanislav\documents\visual studio 2010\Projects\3DPoints\3DPoints\bin\Debug\3DPoints.dll" />
    </Deployment>
    <Execution>
      <TestTypeSpecific />
      <AgentRule name="Execution Agents">
      </AgentRule>
    </Execution>
  </TestSettings>
  <Times creation="2014-02-11T00:22:49.8180431+02:00" queuing="2014-02-11T00:22:50.6930932+02:00" start="2014-02-11T00:22:50.7550967+02:00" finish="2014-02-11T00:22:55.6413762+02:00" />
  <ResultSummary outcome="Error">
    <Counters total="8" executed="4" passed="3" error="0" failed="0" timeout="0" aborted="1" inconclusive="0" passedButRunAborted="0" notRunnable="0" notExecuted="4" disconnected="0" warning="0" completed="0" inProgress="0" pending="0" />
    <RunInfos>
      <RunInfo computerName="STANISLAV-PC" outcome="Error" timestamp="2014-02-11T00:22:55.6403761+02:00">
        <Text>Test host process exited unexpectedly.</Text>
      </RunInfo>
    </RunInfos>
  </ResultSummary>
  <TestDefinitions>
    <UnitTest name="addelementTest" storage="c:\users\stanislav\documents\visual studio 2010\projects\3dpoints\test3dpoint\bin\debug\test3dpoint.dll" id="9464c1d5-bbb5-bb31-101f-488f49885b37">
      <Execution id="56b61d67-13ab-48cb-b4a4-440ffdcaec52" />
      <TestMethod codeBase="C:/Users/stanislav/documents/visual studio 2010/Projects/3DPoints/Test3DPoint/bin/Debug/Test3DPoint.DLL" adapterTypeName="Microsoft.VisualStudio.TestTools.TestTypes.Unit.UnitTestAdapter, Microsoft.VisualStudio.QualityTools.Tips.UnitTest.Adapter, Version=10.0.0.0, Culture=neutral, PublicKeyToken=b03f5f7f11d50a3a" className="Test3DPoint.GenericListTest, Test3DPoint, Version=1.0.0.0, Culture=neutral, PublicKeyToken=null" name="addelementTest" />
    </UnitTest>
    <UnitTest name="MinTest" storage="c:\users\stanislav\documents\visual studio 2010\projects\3dpoints\test3dpoint\bin\debug\test3dpoint.dll" id="1cc18a0e-b8a5-fb71-2dcb-8df8aca7589b">
      <Execution id="126b2112-5b41-4b41-b5f0-023fee049894" />
      <TestMethod codeBase="C:/Users/stanislav/documents/visual studio 2010/Projects/3DPoints/Test3DPoint/bin/Debug/Test3DPoint.DLL" adapterTypeName="Microsoft.VisualStudio.TestTools.TestTypes.Unit.UnitTestAdapter, Microsoft.VisualStudio.QualityTools.Tips.UnitTest.Adapter, Version=10.0.0.0, Culture=neutral, PublicKeyToken=b03f5f7f11d50a3a" className="Test3DPoint.GenericListTest, Test3DPoint, Version=1.0.0.0, Culture=neutral, PublicKeyToken=null" name="MinTest" />
    </UnitTest>
    <UnitTest name="ResizeDataTest" storage="c:\users\stanislav\documents\visual studio 2010\projects\3dpoints\test3dpoint\bin\debug\test3dpoint.dll" id="21ca8b4c-2ec4-2411-ac35-fe360abb293e">
      <DeploymentItems>
        <DeploymentItem filename="3DPoints.dll" />
      </DeploymentItems>
      <Execution id="415fd42a-a36b-49ef-8873-e9a2f7983cc5" />
      <TestMethod codeBase="C:/Users/stanislav/documents/visual studio 2010/Projects/3DPoints/Test3DPoint/bin/Debug/Test3DPoint.DLL" adapterTypeName="Microsoft.VisualStudio.TestTools.TestTypes.Unit.UnitTestAdapter, Microsoft.VisualStudio.QualityTools.Tips.UnitTest.Adapter, Version=10.0.0.0, Culture=neutral, PublicKeyToken=b03f5f7f11d50a3a" className="Test3DPoint.GenericListTest, Test3DPoint, Version=1.0.0.0, Culture=neutral, PublicKeyToken=null" name="ResizeDataTest" />
    </UnitTest>
    <UnitTest name="clearTest" storage="c:\users\stanislav\documents\visual studio 2010\projects\3dpoints\test3dpoint\bin\debug\test3dpoint.dll" id="563dd456-7288-0044-9a88-024abb87e044">
      <Execution id="6b25aaa7-bb73-4a1f-abe5-d94991d495ba" />
      <TestMethod codeBase="C:/Users/stanislav/documents/visual studio 2010/Projects/3DPoints/Test3DPoint/bin/Debug/Test3DPoint.DLL" adapterTypeName="Microsoft.VisualStudio.TestTools.TestTypes.Unit.UnitTestAdapter, Microsoft.VisualStudio.QualityTools.Tips.UnitTest.Adapter, Version=10.0.0.0, Culture=neutral, PublicKeyToken=b03f5f7f11d50a3a" className="Test3DPoint.GenericListTest, Test3DPoint, Version=1.0.0.0, Culture=neutral, PublicKeyToken=null" name="clearTest" />
    </UnitTest>
    <UnitTest name="MaxTest" storage="c:\users\stanislav\documents\visual studio 2010\projects\3dpoints\test3dpoint\bin\debug\test3dpoint.dll" id="ab526c86-a4a9-f1b2-f6af-ddcdab2bbc08">
      <Execution id="dfbd9b37-5a65-4c21-ac2b-141bdd7ecb4d" />
      <TestMethod codeBase="C:/Users/stanislav/documents/visual studio 2010/Projects/3DPoints/Test3DPoint/bin/Debug/Test3DPoint.DLL" adapterTypeName="Microsoft.VisualStudio.TestTools.TestTypes.Unit.UnitTestAdapter, Microsoft.VisualStudio.QualityTools.Tips.UnitTest.Adapter, Version=10.0.0.0, Culture=neutral, PublicKeyToken=b03f5f7f11d50a3a" className="Test3DPoint.GenericListTest, Test3DPoint, Version=1.0.0.0, Culture=neutral, PublicKeyToken=null" name="MaxTest" />
    </UnitTest>
    <UnitTest name="get_DistanceTest" storage="c:\users\stanislav\documents\visual studio 2010\projects\3dpoints\test3dpoint\bin\debug\test3dpoint.dll" id="99ebe4d8-228a-bbb0-f206-3a451e16e384">
      <Execution id="b0f35706-67a2-4631-944b-0e061a01befe" />
      <TestMethod codeBase="C:/Users/stanislav/documents/visual studio 2010/Projects/3DPoints/Test3DPoint/bin/Debug/Test3DPoint.DLL" adapterTypeName="Microsoft.VisualStudio.TestTools.TestTypes.Unit.UnitTestAdapter, Microsoft.VisualStudio.QualityTools.Tips.UnitTest.Adapter, Version=10.0.0.0, Culture=neutral, PublicKeyToken=b03f5f7f11d50a3a" className="Test3DPoint.DistanseTest, Test3DPoint, Version=1.0.0.0, Culture=neutral, PublicKeyToken=null" name="get_DistanceTest" />
    </UnitTest>
    <UnitTest name="_3Dpoints_Points3DConstructorTest" storage="c:\users\stanislav\documents\visual studio 2010\projects\3dpoints\test3dpoint\bin\debug\test3dpoint.dll" id="7ae777b6-c9e3-0e42-9c58-7dd78a7aae68">
      <Execution id="3c0f6bba-f2f3-4d4b-881d-beb52016b0d9" />
      <TestMethod codeBase="C:/Users/stanislav/documents/visual studio 2010/Projects/3DPoints/Test3DPoint/bin/Debug/Test3DPoint.DLL" adapterTypeName="Microsoft.VisualStudio.TestTools.TestTypes.Unit.UnitTestAdapter, Microsoft.VisualStudio.QualityTools.Tips.UnitTest.Adapter, Version=10.0.0.0, Culture=neutral, PublicKeyToken=b03f5f7f11d50a3a" className="Test3DPoint._3Dpoints_Points3DTest, Test3DPoint, Version=1.0.0.0, Culture=neutral, PublicKeyToken=null" name="_3Dpoints_Points3DConstructorTest" />
    </UnitTest>
    <UnitTest name="findVaueTest" storage="c:\users\stanislav\documents\visual studio 2010\projects\3dpoints\test3dpoint\bin\debug\test3dpoint.dll" id="ef843e40-ec54-6e5a-bc39-3b3691e38751">
      <Execution id="ffa32fd5-93be-45cc-8f1c-9ddcc090c51d" />
      <TestMethod codeBase="C:/Users/stanislav/documents/visual studio 2010/Projects/3DPoints/Test3DPoint/bin/Debug/Test3DPoint.DLL" adapterTypeName="Microsoft.VisualStudio.TestTools.TestTypes.Unit.UnitTestAdapter, Microsoft.VisualStudio.QualityTools.Tips.UnitTest.Adapter, Version=10.0.0.0, Culture=neutral, PublicKeyToken=b03f5f7f11d50a3a" className="Test3DPoint.GenericListTest, Test3DPoint, Version=1.0.0.0, Culture=neutral, PublicKeyToken=null" name="findVaueTest" />
    </UnitTest>
  </TestDefinitions>
  <TestLists>
    <TestList name="Results Not in a List" id="8c84fa94-04c1-424b-9868-57a2d4851a1d" />
    <TestList name="All Loaded Results" id="19431567-8539-422a-85d7-44ee4e166bda" />
  </TestLists>
  <TestEntries>
    <TestEntry testId="7ae777b6-c9e3-0e42-9c58-7dd78a7aae68" executionId="3c0f6bba-f2f3-4d4b-881d-beb52016b0d9" testListId="8c84fa94-04c1-424b-9868-57a2d4851a1d" />
    <TestEntry testId="99ebe4d8-228a-bbb0-f206-3a451e16e384" executionId="b0f35706-67a2-4631-944b-0e061a01befe" testListId="8c84fa94-04c1-424b-9868-57a2d4851a1d" />
    <TestEntry testId="9464c1d5-bbb5-bb31-101f-488f49885b37" executionId="56b61d67-13ab-48cb-b4a4-440ffdcaec52" testListId="8c84fa94-04c1-424b-9868-57a2d4851a1d" />
    <TestEntry testId="ab526c86-a4a9-f1b2-f6af-ddcdab2bbc08" executionId="dfbd9b37-5a65-4c21-ac2b-141bdd7ecb4d" testListId="8c84fa94-04c1-424b-9868-57a2d4851a1d" />
    <TestEntry testId="1cc18a0e-b8a5-fb71-2dcb-8df8aca7589b" executionId="126b2112-5b41-4b41-b5f0-023fee049894" testListId="8c84fa94-04c1-424b-9868-57a2d4851a1d" />
    <TestEntry testId="21ca8b4c-2ec4-2411-ac35-fe360abb293e" executionId="415fd42a-a36b-49ef-8873-e9a2f7983cc5" testListId="8c84fa94-04c1-424b-9868-57a2d4851a1d" />
    <TestEntry testId="563dd456-7288-0044-9a88-024abb87e044" executionId="6b25aaa7-bb73-4a1f-abe5-d94991d495ba" testListId="8c84fa94-04c1-424b-9868-57a2d4851a1d" />
    <TestEntry testId="ef843e40-ec54-6e5a-bc39-3b3691e38751" executionId="ffa32fd5-93be-45cc-8f1c-9ddcc090c51d" testListId="8c84fa94-04c1-424b-9868-57a2d4851a1d" />
  </TestEntries>
  <Results>
    <UnitTestResult executionId="3c0f6bba-f2f3-4d4b-881d-beb52016b0d9" testId="7ae777b6-c9e3-0e42-9c58-7dd78a7aae68" testName="_3Dpoints_Points3DConstructorTest" computerName="STANISLAV-PC" duration="00:00:00.0172663" startTime="2014-02-11T00:22:50.7910988+02:00" endTime="2014-02-11T00:22:51.2051224+02:00" testType="13cdc9d9-ddb5-4fa4-a97d-d965ccfc6d4b" outcome="Passed" testListId="8c84fa94-04c1-424b-9868-57a2d4851a1d" relativeResultsDirectory="3c0f6bba-f2f3-4d4b-881d-beb52016b0d9">
    </UnitTestResult>
    <UnitTestResult executionId="b0f35706-67a2-4631-944b-0e061a01befe" testId="99ebe4d8-228a-bbb0-f206-3a451e16e384" testName="get_DistanceTest" computerName="STANISLAV-PC" duration="00:00:00.0018243" startTime="2014-02-11T00:22:51.2201233+02:00" endTime="2014-02-11T00:22:51.2301239+02:00" testType="13cdc9d9-ddb5-4fa4-a97d-d965ccfc6d4b" outcome="Passed" testListId="8c84fa94-04c1-424b-9868-57a2d4851a1d" relativeResultsDirectory="b0f35706-67a2-4631-944b-0e061a01befe">
    </UnitTestResult>
    <UnitTestResult executionId="56b61d67-13ab-48cb-b4a4-440ffdcaec52" testId="9464c1d5-bbb5-bb31-101f-488f49885b37" testName="addelementTest" computerName="STANISLAV-PC" duration="00:00:00.0014449" startTime="2014-02-11T00:22:51.2411245+02:00" endTime="2014-02-11T00:22:51.2461248+02:00" testType="13cdc9d9-ddb5-4fa4-a97d-d965ccfc6d4b" outcome="Passed" testListId="8c84fa94-04c1-424b-9868-57a2d4851a1d" relativeResultsDirectory="56b61d67-13ab-48cb-b4a4-440ffdcaec52">
    </UnitTestResult>
    <UnitTestResult executionId="dfbd9b37-5a65-4c21-ac2b-141bdd7ecb4d" testId="ab526c86-a4a9-f1b2-f6af-ddcdab2bbc08" testName="MaxTest" computerName="STANISLAV-PC" duration="00:00:04.3882510" startTime="2014-02-11T00:22:51.2531252+02:00" endTime="2014-02-11T00:22:55.6413762+02:00" testType="13cdc9d9-ddb5-4fa4-a97d-d965ccfc6d4b" outcome="Aborted" testListId="8c84fa94-04c1-424b-9868-57a2d4851a1d" relativeResultsDirectory="dfbd9b37-5a65-4c21-ac2b-141bdd7ecb4d">
    </UnitTestResult>
    <UnitTestResult executionId="126b2112-5b41-4b41-b5f0-023fee049894" testId="1cc18a0e-b8a5-fb71-2dcb-8df8aca7589b" testName="MinTest" computerName="STANISLAV-PC" testType="13cdc9d9-ddb5-4fa4-a97d-d965ccfc6d4b" outcome="NotExecuted" testListId="8c84fa94-04c1-424b-9868-57a2d4851a1d" relativeResultsDirectory="126b2112-5b41-4b41-b5f0-023fee049894">
    </UnitTestResult>
    <UnitTestResult executionId="415fd42a-a36b-49ef-8873-e9a2f7983cc5" testId="21ca8b4c-2ec4-2411-ac35-fe360abb293e" testName="ResizeDataTest" computerName="STANISLAV-PC" testType="13cdc9d9-ddb5-4fa4-a97d-d965ccfc6d4b" outcome="NotExecuted" testListId="8c84fa94-04c1-424b-9868-57a2d4851a1d" relativeResultsDirectory="415fd42a-a36b-49ef-8873-e9a2f7983cc5">
    </UnitTestResult>
    <UnitTestResult executionId="6b25aaa7-bb73-4a1f-abe5-d94991d495ba" testId="563dd456-7288-0044-9a88-024abb87e044" testName="clearTest" computerName="STANISLAV-PC" testType="13cdc9d9-ddb5-4fa4-a97d-d965ccfc6d4b" outcome="NotExecuted" testListId="8c84fa94-04c1-424b-9868-57a2d4851a1d" relativeResultsDirectory="6b25aaa7-bb73-4a1f-abe5-d94991d495ba">
    </UnitTestResult>
    <UnitTestResult executionId="ffa32fd5-93be-45cc-8f1c-9ddcc090c51d" testId="ef843e40-ec54-6e5a-bc39-3b3691e38751" testName="findVaueTest" computerName="STANISLAV-PC" testType="13cdc9d9-ddb5-4fa4-a97d-d965ccfc6d4b" outcome="NotExecuted" testListId="8c84fa94-04c1-424b-9868-57a2d4851a1d" relativeResultsDirectory="ffa32fd5-93be-45cc-8f1c-9ddcc090c51d">
    </UnitTestResult>
  </Results>
</TestRun>